// Jest Snapshot v1, https://goo.gl/fbAQLP

exports[`mounts 1`] = `
<div>
  <div>
    Gradebook Stats
  </div>
</div>
`;
